// Jest Snapshot v1, https://goo.gl/fbAQLP

exports[`Fetching Actions from Starwars Snapshot Spaceships Layout 1`] = `"<div class=\\"films-page\\"><div class=\\"film-details\\"><div class=\\"details-wrapper\\"><div class=\\"loading-characters-section loading-skelecton\\"><div class=\\"loader-card-main-inner-container\\"><div class=\\"list-icon-card-main\\"><div class=\\"icon-container-wrapper icon-holder-loading-skelecton\\"></div><div class=\\"icon-container-wrapper icon-holder-loading-skelecton\\"></div><div class=\\"icon-container-wrapper icon-holder-loading-skelecton\\"></div></div><div class=\\"child-main-contain\\"><div class=\\"holder-title-main icon-holder-loading-skelecton\\"></div><div class=\\"holder-sub-title-main icon-holder-loading-skelecton\\"></div><div class=\\"holder-sub-title-main\\"></div></div></div></div><div class=\\"loading-characters-section loading-skelecton\\"><div class=\\"loader-card-main-inner-container\\"><div class=\\"list-icon-card-main\\"><div class=\\"icon-container-wrapper icon-holder-loading-skelecton\\"></div><div class=\\"icon-container-wrapper icon-holder-loading-skelecton\\"></div><div class=\\"icon-container-wrapper icon-holder-loading-skelecton\\"></div></div><div class=\\"child-main-contain\\"><div class=\\"holder-title-main icon-holder-loading-skelecton\\"></div><div class=\\"holder-sub-title-main icon-holder-loading-skelecton\\"></div><div class=\\"holder-sub-title-main\\"></div></div></div></div><div class=\\"loading-characters-section loading-skelecton\\"><div class=\\"loader-card-main-inner-container\\"><div class=\\"list-icon-card-main\\"><div class=\\"icon-container-wrapper icon-holder-loading-skelecton\\"></div><div class=\\"icon-container-wrapper icon-holder-loading-skelecton\\"></div><div class=\\"icon-container-wrapper icon-holder-loading-skelecton\\"></div></div><div class=\\"child-main-contain\\"><div class=\\"holder-title-main icon-holder-loading-skelecton\\"></div><div class=\\"holder-sub-title-main icon-holder-loading-skelecton\\"></div><div class=\\"holder-sub-title-main\\"></div></div></div></div><div class=\\"loading-characters-section loading-skelecton\\"><div class=\\"loader-card-main-inner-container\\"><div class=\\"list-icon-card-main\\"><div class=\\"icon-container-wrapper icon-holder-loading-skelecton\\"></div><div class=\\"icon-container-wrapper icon-holder-loading-skelecton\\"></div><div class=\\"icon-container-wrapper icon-holder-loading-skelecton\\"></div></div><div class=\\"child-main-contain\\"><div class=\\"holder-title-main icon-holder-loading-skelecton\\"></div><div class=\\"holder-sub-title-main icon-holder-loading-skelecton\\"></div><div class=\\"holder-sub-title-main\\"></div></div></div></div><div class=\\"loading-characters-section loading-skelecton\\"><div class=\\"loader-card-main-inner-container\\"><div class=\\"list-icon-card-main\\"><div class=\\"icon-container-wrapper icon-holder-loading-skelecton\\"></div><div class=\\"icon-container-wrapper icon-holder-loading-skelecton\\"></div><div class=\\"icon-container-wrapper icon-holder-loading-skelecton\\"></div></div><div class=\\"child-main-contain\\"><div class=\\"holder-title-main icon-holder-loading-skelecton\\"></div><div class=\\"holder-sub-title-main icon-holder-loading-skelecton\\"></div><div class=\\"holder-sub-title-main\\"></div></div></div></div><div class=\\"loading-characters-section loading-skelecton\\"><div class=\\"loader-card-main-inner-container\\"><div class=\\"list-icon-card-main\\"><div class=\\"icon-container-wrapper icon-holder-loading-skelecton\\"></div><div class=\\"icon-container-wrapper icon-holder-loading-skelecton\\"></div><div class=\\"icon-container-wrapper icon-holder-loading-skelecton\\"></div></div><div class=\\"child-main-contain\\"><div class=\\"holder-title-main icon-holder-loading-skelecton\\"></div><div class=\\"holder-sub-title-main icon-holder-loading-skelecton\\"></div><div class=\\"holder-sub-title-main\\"></div></div></div></div></div></div></div>"`;
